// Jest Snapshot v1, https://goo.gl/fbAQLP

exports[`Index page Should match Snapshot 1`] = `
<div>
  <div>
    <main>
      <div
        class="container"
      >
        <div>
          <h1>
            Palvelutarjotin
          </h1>
        </div>
      </div>
    </main>
  </div>
</div>
`;
