// Jest Snapshot v1, https://goo.gl/fbAQLP

exports[`EventCard List of occurrences renders multiday occurrence time correctly 1`] = `
<div>
  <a
    aria-label="Siirry tapahtumaan: Nimi"
    class="eventCard"
    href="/#"
  >
    <div
      class="imageWrapper"
      id="event-card:palvelutarjotin:a0775a20-468a-437b-91ee-f7a9cabea321"
      style="background-image: url(https://api.hel.fi/linkedevents-test/media/images/test.png);"
    />
    <div
      class="contentWrapper"
    >
      <div
        class="titleWrapper"
      >
        <div
          class="title"
        >
          Nimi
        </div>
        <div
          class="description"
        >
          Kuvaus
        </div>
      </div>
      <div
        class="occurrenceInfoWrapper"
      >
        <div
          class="eventTimes"
        >
          <ul
            class="occurrenceTimes"
          >
            <li
              class="textWithIcon"
            >
              <svg
                class=""
                height="100%"
                viewBox="0 0 24 24"
                width="100%"
                xmlns="http://www.w3.org/2000/svg"
              >
                <g
                  fill-rule="evenodd"
                  stroke-width="1"
                >
                  <path
                    d="M11.80416,-2.30926389e-13 C18.32352,-2.30926389e-13 23.60928,5.2848 23.60928,11.80416 C23.60928,18.32352 18.32352,23.60928 11.80416,23.60928 C5.2848,23.60928 -3.37507799e-14,18.32352 -3.37507799e-14,11.80416 C-3.37507799e-14,5.2848 5.2848,-2.30926389e-13 11.80416,-2.30926389e-13 Z M11.80416,2.5296 C6.6912,2.5296 2.53056,6.69024 2.53056,11.80416 C2.53056,16.91904 6.6912,21.07968 11.80416,21.07968 C16.91808,21.07968 21.07968,16.91904 21.07968,11.80416 C21.07968,6.69024 16.91808,2.5296 11.80416,2.5296 Z M13.068768,5.842464 L13.068768,11.280864 L16.665888,14.877024 L14.878368,16.665504 L10.539168,12.328224 L10.539168,5.842464 L13.068768,5.842464 Z"
                  />
                </g>
              </svg>
              20.9.2020 – 22.9.2020
            </li>
            <li
              class="textWithIcon"
            >
              <svg
                class=""
                height="100%"
                viewBox="0 0 24 24"
                width="100%"
                xmlns="http://www.w3.org/2000/svg"
              >
                <g
                  fill-rule="evenodd"
                  stroke-width="1"
                >
                  <path
                    d="M11.80416,-2.30926389e-13 C18.32352,-2.30926389e-13 23.60928,5.2848 23.60928,11.80416 C23.60928,18.32352 18.32352,23.60928 11.80416,23.60928 C5.2848,23.60928 -3.37507799e-14,18.32352 -3.37507799e-14,11.80416 C-3.37507799e-14,5.2848 5.2848,-2.30926389e-13 11.80416,-2.30926389e-13 Z M11.80416,2.5296 C6.6912,2.5296 2.53056,6.69024 2.53056,11.80416 C2.53056,16.91904 6.6912,21.07968 11.80416,21.07968 C16.91808,21.07968 21.07968,16.91904 21.07968,11.80416 C21.07968,6.69024 16.91808,2.5296 11.80416,2.5296 Z M13.068768,5.842464 L13.068768,11.280864 L16.665888,14.877024 L14.878368,16.665504 L10.539168,12.328224 L10.539168,5.842464 L13.068768,5.842464 Z"
                  />
                </g>
              </svg>
              21.10.2020 – 28.10.2020
            </li>
            <li
              class="textWithIcon"
            >
              <svg
                class=""
                height="100%"
                viewBox="0 0 24 24"
                width="100%"
                xmlns="http://www.w3.org/2000/svg"
              >
                <g
                  fill-rule="evenodd"
                  stroke-width="1"
                >
                  <path
                    d="M11.80416,-2.30926389e-13 C18.32352,-2.30926389e-13 23.60928,5.2848 23.60928,11.80416 C23.60928,18.32352 18.32352,23.60928 11.80416,23.60928 C5.2848,23.60928 -3.37507799e-14,18.32352 -3.37507799e-14,11.80416 C-3.37507799e-14,5.2848 5.2848,-2.30926389e-13 11.80416,-2.30926389e-13 Z M11.80416,2.5296 C6.6912,2.5296 2.53056,6.69024 2.53056,11.80416 C2.53056,16.91904 6.6912,21.07968 11.80416,21.07968 C16.91808,21.07968 21.07968,16.91904 21.07968,11.80416 C21.07968,6.69024 16.91808,2.5296 11.80416,2.5296 Z M13.068768,5.842464 L13.068768,11.280864 L16.665888,14.877024 L14.878368,16.665504 L10.539168,12.328224 L10.539168,5.842464 L13.068768,5.842464 Z"
                  />
                </g>
              </svg>
              22.11.2020 – 25.11.2020
            </li>
          </ul>
          <button
            class="Button-module_button__1msFE button_hds-button__2A0je Button-module_secondary__1nABp button_hds-button--secondary__1NOWS multipleOccurrenceButton"
            type="button"
          >
            <span
              class="Button-module_label__a4np1 button_hds-button__label__2EQa-"
            >
              piilota muut ajat
            </span>
          </button>
        </div>
        <div
          class="textWithIcon"
        >
          <svg
            aria-hidden="true"
            aria-label="location"
            class="Icon-module_icon__1Jtzj icon_hds-icon__1YqNC Icon-module_s__2WGWe icon_hds-icon--size-s__2Lkik"
            role="img"
            viewBox="0 0 24 24"
            xmlns="http://www.w3.org/2000/svg"
          >
            <path
              clip-rule="evenodd"
              d="M11.9669 1.5C14.0265 1.5 16.0869 2.27765 17.6579 3.83367C20.8001 6.945 20.5878 11.7938 17.6579 15.1017L17.0345 15.8107C14.4235 18.8021 12.9688 20.7706 11.9669 22.7477C10.8937 20.6185 9.28527 18.4993 6.27797 15.1017C3.34814 11.7938 3.13508 6.945 6.27797 3.83367C7.84906 2.27765 9.90869 1.5 11.9669 1.5ZM11.999 3.5C10.3743 3.5 8.84685 4.12598 7.69956 5.26179C6.56645 6.38341 5.97897 7.81769 6.00058 9.41066C6.02151 10.984 6.64884 12.5453 7.76709 13.8087L8.42773 14.5606C10.0167 16.3842 11.1442 17.8 12.0004 19.0644C12.9748 17.6274 14.2916 16.0006 16.233 13.8087C17.3512 12.5453 17.9786 10.984 17.9995 9.41066C18.0198 7.81769 17.4323 6.38341 16.3005 5.26179C15.1519 4.12598 13.6251 3.5 11.999 3.5ZM12.0004 6C13.9338 6 15.5 7.56702 15.5 9.50039C15.5 11.433 13.9338 13 12.0004 13C10.067 13 8.5 11.433 8.5 9.50039C8.5 7.56702 10.067 6 12.0004 6ZM12.0003 8C11.1725 8 10.5 8.67319 10.5 9.50034C10.5 10.3268 11.1725 11 12.0003 11C12.8275 11 13.5 10.3268 13.5 9.50034C13.5 8.67319 12.8275 8 12.0003 8Z"
              fill="currentColor"
              fill-rule="evenodd"
            />
          </svg>
        </div>
      </div>
      <ul
        class="keywordsList"
      >
        <li>
          <button
            aria-label="Hae tapahtumia avainsanalla Avainsana"
            class="keyword"
          >
            Avainsana
          </button>
        </li>
      </ul>
    </div>
  </a>
</div>
`;
