// Jest Snapshot v1, https://goo.gl/fbAQLP

exports[`Container matches snapshot 1`] = `
<div
  class="container default"
>
  <div>
    Container children
  </div>
</div>
`;
