// Jest Snapshot v1, https://goo.gl/fbAQLP

exports[`PageLayout matches snapshot 1`] = `
<div
  class="pageLayout"
>
  <div>
    HEADER
  </div>
  <div
    class="pageBody"
  >
    <div>
      Page layout children
    </div>
  </div>
  <div>
    FOOTER
  </div>
</div>
`;
