// Jest Snapshot v1, https://goo.gl/fbAQLP

exports[`PageWrapper matches snapshot 1`] = `
<div>
  <div>
    <main>
      <div>
        Children
      </div>
    </main>
  </div>
</div>
`;
